
> react-kavia@0.1.0 start
> react-scripts start

(node:569) [DEP_WEBPACK_DEV_SERVER_ON_AFTER_SETUP_MIDDLEWARE] DeprecationWarning: 'onAfterSetupMiddleware' option is deprecated. Please use the 'setupMiddlewares' option.
(Use `node --trace-deprecation ...` to show where the warning was created)
(node:569) [DEP_WEBPACK_DEV_SERVER_ON_BEFORE_SETUP_MIDDLEWARE] DeprecationWarning: 'onBeforeSetupMiddleware' option is deprecated. Please use the 'setupMiddlewares' option.
Starting the development server...

Compiled successfully!

You can now view react-kavia in the browser.

  Local:            http://localhost:3000
  On Your Network:  http://172.17.0.2:3000

Note that the development build is not optimized.
To create a production build, use npm run build.

webpack compiled successfully
Compiling...
Failed to compile.

[eslint] 
src/App.js
  Line 964:52:  Expected an assignment or function call and instead saw an expression  no-unused-expressions
  Line 965:54:  Expected an assignment or function call and instead saw an expression  no-unused-expressions
  Line 966:58:  Expected an assignment or function call and instead saw an expression  no-unused-expressions
  Line 966:75:  Expected an assignment or function call and instead saw an expression  no-unused-expressions
  Line 967:55:  Expected an assignment or function call and instead saw an expression  no-unused-expressions
  Line 967:73:  Expected an assignment or function call and instead saw an expression  no-unused-expressions

Search for the keywords to learn more about each error.
WARNING in [eslint] 
src/App.js
  Line 13:7:    'SECONDARY_COLOR' is assigned a value but never used  no-unused-vars
  Line 829:9:   'today' is assigned a value but never used            no-unused-vars
  Line 964:46:  Found identifier with same name as label              no-label-var
  Line 964:46:  Unexpected labeled statement                          no-labels
  Line 964:46:  'color:' is defined but never used                    no-unused-labels
  Line 965:48:  Found identifier with same name as label              no-label-var
  Line 965:48:  Unexpected labeled statement                          no-labels
  Line 965:48:  'color:' is defined but never used                    no-unused-labels
  Line 966:52:  Found identifier with same name as label              no-label-var
  Line 966:52:  Unexpected labeled statement                          no-labels
  Line 966:52:  'color:' is defined but never used                    no-unused-labels
  Line 966:68:  Found identifier with same name as label              no-label-var
  Line 966:68:  Unexpected labeled statement                          no-labels
  Line 966:68:  'border:' is defined but never used                   no-unused-labels
  Line 967:49:  Found identifier with same name as label              no-label-var
  Line 967:49:  Unexpected labeled statement                          no-labels
  Line 967:49:  'color:' is defined but never used                    no-unused-labels
  Line 967:66:  Found identifier with same name as label              no-label-var
  Line 967:66:  Unexpected labeled statement                          no-labels
  Line 967:66:  'border:' is defined but never used                   no-unused-labels

ERROR in [eslint] 
src/App.js
  Line 964:52:  Expected an assignment or function call and instead saw an expression  no-unused-expressions
  Line 965:54:  Expected an assignment or function call and instead saw an expression  no-unused-expressions
  Line 966:58:  Expected an assignment or function call and instead saw an expression  no-unused-expressions
  Line 966:75:  Expected an assignment or function call and instead saw an expression  no-unused-expressions
  Line 967:55:  Expected an assignment or function call and instead saw an expression  no-unused-expressions
  Line 967:73:  Expected an assignment or function call and instead saw an expression  no-unused-expressions

Search for the keywords to learn more about each error.

webpack compiled with 1 error and 1 warning
Compiling...
Failed to compile.

[eslint] 
src/App.js
  Line 967:52:  Expected an assignment or function call and instead saw an expression  no-unused-expressions
  Line 968:54:  Expected an assignment or function call and instead saw an expression  no-unused-expressions
  Line 969:58:  Expected an assignment or function call and instead saw an expression  no-unused-expressions
  Line 969:75:  Expected an assignment or function call and instead saw an expression  no-unused-expressions
  Line 970:55:  Expected an assignment or function call and instead saw an expression  no-unused-expressions
  Line 970:73:  Expected an assignment or function call and instead saw an expression  no-unused-expressions

Search for the keywords to learn more about each error.
WARNING in [eslint] 
src/App.js
  Line 13:7:    'SECONDARY_COLOR' is assigned a value but never used  no-unused-vars
  Line 832:9:   'today' is assigned a value but never used            no-unused-vars
  Line 967:46:  Found identifier with same name as label              no-label-var
  Line 967:46:  Unexpected labeled statement                          no-labels
  Line 967:46:  'color:' is defined but never used                    no-unused-labels
  Line 968:48:  Found identifier with same name as label              no-label-var
  Line 968:48:  Unexpected labeled statement                          no-labels
  Line 968:48:  'color:' is defined but never used                    no-unused-labels
  Line 969:52:  Found identifier with same name as label              no-label-var
  Line 969:52:  Unexpected labeled statement                          no-labels
  Line 969:52:  'color:' is defined but never used                    no-unused-labels
  Line 969:68:  Found identifier with same name as label              no-label-var
  Line 969:68:  Unexpected labeled statement                          no-labels
  Line 969:68:  'border:' is defined but never used                   no-unused-labels
  Line 970:49:  Found identifier with same name as label              no-label-var
  Line 970:49:  Unexpected labeled statement                          no-labels
  Line 970:49:  'color:' is defined but never used                    no-unused-labels
  Line 970:66:  Found identifier with same name as label              no-label-var
  Line 970:66:  Unexpected labeled statement                          no-labels
  Line 970:66:  'border:' is defined but never used                   no-unused-labels

ERROR in [eslint] 
src/App.js
  Line 967:52:  Expected an assignment or function call and instead saw an expression  no-unused-expressions
  Line 968:54:  Expected an assignment or function call and instead saw an expression  no-unused-expressions
  Line 969:58:  Expected an assignment or function call and instead saw an expression  no-unused-expressions
  Line 969:75:  Expected an assignment or function call and instead saw an expression  no-unused-expressions
  Line 970:55:  Expected an assignment or function call and instead saw an expression  no-unused-expressions
  Line 970:73:  Expected an assignment or function call and instead saw an expression  no-unused-expressions

Search for the keywords to learn more about each error.

webpack compiled with 1 error and 1 warning
Compiling...
Failed to compile.

[eslint] 
src/App.js
  Line 967:52:  Expected an assignment or function call and instead saw an expression  no-unused-expressions
  Line 968:54:  Expected an assignment or function call and instead saw an expression  no-unused-expressions
  Line 969:58:  Expected an assignment or function call and instead saw an expression  no-unused-expressions
  Line 969:75:  Expected an assignment or function call and instead saw an expression  no-unused-expressions
  Line 970:55:  Expected an assignment or function call and instead saw an expression  no-unused-expressions
  Line 970:73:  Expected an assignment or function call and instead saw an expression  no-unused-expressions

Search for the keywords to learn more about each error.
WARNING in [eslint] 
src/App.js
  Line 13:7:    'SECONDARY_COLOR' is assigned a value but never used  no-unused-vars
  Line 832:9:   'today' is assigned a value but never used            no-unused-vars
  Line 967:46:  Found identifier with same name as label              no-label-var
  Line 967:46:  Unexpected labeled statement                          no-labels
  Line 967:46:  'color:' is defined but never used                    no-unused-labels
  Line 968:48:  Found identifier with same name as label              no-label-var
  Line 968:48:  Unexpected labeled statement                          no-labels
  Line 968:48:  'color:' is defined but never used                    no-unused-labels
  Line 969:52:  Found identifier with same name as label              no-label-var
  Line 969:52:  Unexpected labeled statement                          no-labels
  Line 969:52:  'color:' is defined but never used                    no-unused-labels
  Line 969:68:  Found identifier with same name as label              no-label-var
  Line 969:68:  Unexpected labeled statement                          no-labels
  Line 969:68:  'border:' is defined but never used                   no-unused-labels
  Line 970:49:  Found identifier with same name as label              no-label-var
  Line 970:49:  Unexpected labeled statement                          no-labels
  Line 970:49:  'color:' is defined but never used                    no-unused-labels
  Line 970:66:  Found identifier with same name as label              no-label-var
  Line 970:66:  Unexpected labeled statement                          no-labels
  Line 970:66:  'border:' is defined but never used                   no-unused-labels

ERROR in [eslint] 
src/App.js
  Line 967:52:  Expected an assignment or function call and instead saw an expression  no-unused-expressions
  Line 968:54:  Expected an assignment or function call and instead saw an expression  no-unused-expressions
  Line 969:58:  Expected an assignment or function call and instead saw an expression  no-unused-expressions
  Line 969:75:  Expected an assignment or function call and instead saw an expression  no-unused-expressions
  Line 970:55:  Expected an assignment or function call and instead saw an expression  no-unused-expressions
  Line 970:73:  Expected an assignment or function call and instead saw an expression  no-unused-expressions

Search for the keywords to learn more about each error.

webpack compiled with 1 error and 1 warning
Compiling...
Failed to compile.

[eslint] 
src/App.js
  Line 966:52:  Expected an assignment or function call and instead saw an expression  no-unused-expressions
  Line 967:54:  Expected an assignment or function call and instead saw an expression  no-unused-expressions
  Line 968:58:  Expected an assignment or function call and instead saw an expression  no-unused-expressions
  Line 968:75:  Expected an assignment or function call and instead saw an expression  no-unused-expressions
  Line 969:55:  Expected an assignment or function call and instead saw an expression  no-unused-expressions
  Line 969:73:  Expected an assignment or function call and instead saw an expression  no-unused-expressions

Search for the keywords to learn more about each error.
WARNING in [eslint] 
src/App.js
  Line 13:7:    'SECONDARY_COLOR' is assigned a value but never used  no-unused-vars
  Line 831:9:   'today' is assigned a value but never used            no-unused-vars
  Line 966:46:  Found identifier with same name as label              no-label-var
  Line 966:46:  Unexpected labeled statement                          no-labels
  Line 966:46:  'color:' is defined but never used                    no-unused-labels
  Line 967:48:  Found identifier with same name as label              no-label-var
  Line 967:48:  Unexpected labeled statement                          no-labels
  Line 967:48:  'color:' is defined but never used                    no-unused-labels
  Line 968:52:  Found identifier with same name as label              no-label-var
  Line 968:52:  Unexpected labeled statement                          no-labels
  Line 968:52:  'color:' is defined but never used                    no-unused-labels
  Line 968:68:  Found identifier with same name as label              no-label-var
  Line 968:68:  Unexpected labeled statement                          no-labels
  Line 968:68:  'border:' is defined but never used                   no-unused-labels
  Line 969:49:  Found identifier with same name as label              no-label-var
  Line 969:49:  Unexpected labeled statement                          no-labels
  Line 969:49:  'color:' is defined but never used                    no-unused-labels
  Line 969:66:  Found identifier with same name as label              no-label-var
  Line 969:66:  Unexpected labeled statement                          no-labels
  Line 969:66:  'border:' is defined but never used                   no-unused-labels

ERROR in [eslint] 
src/App.js
  Line 966:52:  Expected an assignment or function call and instead saw an expression  no-unused-expressions
  Line 967:54:  Expected an assignment or function call and instead saw an expression  no-unused-expressions
  Line 968:58:  Expected an assignment or function call and instead saw an expression  no-unused-expressions
  Line 968:75:  Expected an assignment or function call and instead saw an expression  no-unused-expressions
  Line 969:55:  Expected an assignment or function call and instead saw an expression  no-unused-expressions
  Line 969:73:  Expected an assignment or function call and instead saw an expression  no-unused-expressions

Search for the keywords to learn more about each error.

webpack compiled with 1 error and 1 warning
